dominatedBy
| tst1.js:3:5:3:10 | CallExpression | t1 |
| tst1.js:10:9:10:14 | CallExpression | t2.1 |
| tst1.js:10:9:10:14 | CallExpression | t2.2 |
| tst1.js:13:9:13:14 | CallExpression | t2.1 |
| tst1.js:13:9:13:14 | CallExpression | t2.3 |
| tst1.js:15:5:15:10 | CallExpression | t2.1 |
| tst1.js:20:9:20:14 | CallExpression | t3.1-true |
| tst1.js:20:9:20:14 | CallExpression | t3.2-true |
| tst1.js:22:9:22:14 | CallExpression | t3.1 |
| tst1.js:28:9:28:14 | CallExpression | t4.1 |
| tst1.js:30:9:30:14 | CallExpression | t4.1-false |
| tst1.js:30:9:30:14 | CallExpression | t4.2-false |
| tst1.js:36:9:36:14 | CallExpression | t5.1 |
| tst1.js:38:9:38:14 | CallExpression | t5.1-true |
| tst1.js:38:9:38:14 | CallExpression | t5.2-true |
| tst1.js:44:9:44:14 | CallExpression | t6.1-false |
| tst1.js:44:9:44:14 | CallExpression | t6.2-false |
| tst1.js:46:9:46:14 | CallExpression | t6.1 |
| tst1.js:53:9:53:14 | CallExpression | t7.1 |
| tst1.js:55:9:55:14 | CallExpression | t7.1 |
| tst1.js:55:9:55:14 | CallExpression | t7.3-false |
| tst1.js:62:9:62:14 | CallExpression | t8.1 |
| tst1.js:62:9:62:14 | CallExpression | t8.3-true |
| tst1.js:64:9:64:14 | CallExpression | t8.1 |
| tst1.js:71:9:71:14 | CallExpression | t9.1-true |
| tst1.js:71:9:71:14 | CallExpression | t9.2-true |
| tst1.js:71:9:71:14 | CallExpression | t9.3-true |
| tst1.js:73:9:73:14 | CallExpression | t9.1 |
| tst1.js:80:9:80:14 | CallExpression | t10.1 |
| tst1.js:82:9:82:14 | CallExpression | t10.1-false |
| tst1.js:82:9:82:14 | CallExpression | t10.2-false |
| tst1.js:82:9:82:14 | CallExpression | t10.3-false |
| tst1.js:89:9:89:14 | CallExpression | t11.1 |
| tst1.js:91:9:91:14 | CallExpression | t11.1-true |
| tst1.js:91:9:91:14 | CallExpression | t11.2 |
| tst1.js:98:9:98:14 | CallExpression | t12.1-false |
| tst1.js:98:9:98:14 | CallExpression | t12.2 |
| tst1.js:100:9:100:14 | CallExpression | t12.1 |
| tst1.js:107:9:107:14 | CallExpression | t13.1-true |
| tst1.js:107:9:107:14 | CallExpression | t13.2 |
| tst1.js:109:9:109:14 | CallExpression | t13.1 |
| tst1.js:116:9:116:14 | CallExpression | t14.1 |
| tst1.js:118:9:118:14 | CallExpression | t14.1-false |
| tst1.js:118:9:118:14 | CallExpression | t14.2 |
| tst1.js:125:9:125:14 | CallExpression | t15.1 |
| tst1.js:127:9:127:14 | CallExpression | t15.1-true |
| tst1.js:127:9:127:14 | CallExpression | t15.2-true |
| tst1.js:127:9:127:14 | CallExpression | t15.3-true |
| tst1.js:134:9:134:14 | CallExpression | t16.1 |
| tst1.js:136:9:136:14 | CallExpression | t16.1 |
| tst1.js:143:9:143:14 | CallExpression | t17.1-true |
| tst1.js:143:9:143:14 | CallExpression | t17.2 |
| tst1.js:143:9:143:14 | CallExpression | t17.4 |
| tst1.js:145:9:145:14 | CallExpression | t17.1 |
| tst1.js:152:9:152:14 | CallExpression | t18.1-false |
| tst1.js:152:9:152:14 | CallExpression | t18.2-false |
| tst1.js:154:9:154:14 | CallExpression | t18.1 |
| tst1.js:161:9:161:14 | CallExpression | t19.1 |
| tst1.js:163:9:163:14 | CallExpression | t19.1 |
| tst1.js:163:9:163:14 | CallExpression | t19.3 |
| tst1.js:170:9:170:14 | CallExpression | t20.1-true |
| tst1.js:170:9:170:14 | CallExpression | t20.2-true |
| tst1.js:172:9:172:14 | CallExpression | t20.1 |
| tst1.js:180:9:180:14 | CallExpression | t21.1 |
| tst1.js:180:9:180:14 | CallExpression | t21.4 |
| tst1.js:182:9:182:14 | CallExpression | t21.1 |
| tst1.js:189:9:189:14 | CallExpression | t22.1 |
| tst1.js:191:9:191:14 | CallExpression | t22.1-true |
| tst1.js:191:9:191:14 | CallExpression | t22.2 |
| tst1.js:200:9:200:14 | CallExpression | t23.1 |
| tst1.js:202:9:202:14 | CallExpression | t23.1 |
| tst1.js:209:9:209:14 | CallExpression | t25.1 |
| tst1.js:211:9:211:14 | CallExpression | t25.1-false |
| tst1.js:211:9:211:14 | CallExpression | t25.2 |
| tst1.js:218:9:218:14 | CallExpression | t27.1 |
| tst1.js:220:9:220:14 | CallExpression | t27.1-false |
| tst1.js:220:9:220:14 | CallExpression | t27.2-true |
| tst1.js:220:9:220:14 | CallExpression | t27.3-true |
| tst1.js:227:9:227:14 | CallExpression | t31.1 |
| tst1.js:229:9:229:14 | CallExpression | t31.1 |
| tst1.js:229:9:229:14 | CallExpression | t31.3-true |
| tst1.js:229:9:229:14 | CallExpression | t31.4-true |
| tst1.js:244:9:244:14 | CallExpression | t32.1-true |
| tst1.js:244:9:244:14 | CallExpression | t32.2 |
| tst1.js:246:9:246:14 | CallExpression | t32.1 |
reachedBy
| tst1.js:15:5:15:10 | CallExpression | t2.2 |
| tst1.js:15:5:15:10 | CallExpression | t2.3 |
| tst1.js:22:9:22:14 | CallExpression | t3.2-false |
| tst1.js:28:9:28:14 | CallExpression | t4.2-true |
| tst1.js:36:9:36:14 | CallExpression | t5.2-false |
| tst1.js:46:9:46:14 | CallExpression | t6.2-true |
| tst1.js:53:9:53:14 | CallExpression | t7.2 |
| tst1.js:53:9:53:14 | CallExpression | t7.3-true |
| tst1.js:55:9:55:14 | CallExpression | t7.2-false |
| tst1.js:62:9:62:14 | CallExpression | t8.2-true |
| tst1.js:64:9:64:14 | CallExpression | t8.2 |
| tst1.js:64:9:64:14 | CallExpression | t8.3-false |
| tst1.js:73:9:73:14 | CallExpression | t9.2 |
| tst1.js:73:9:73:14 | CallExpression | t9.3-false |
| tst1.js:80:9:80:14 | CallExpression | t10.2 |
| tst1.js:80:9:80:14 | CallExpression | t10.3-true |
| tst1.js:89:9:89:14 | CallExpression | t11.2-false |
| tst1.js:89:9:89:14 | CallExpression | t11.3-false |
| tst1.js:91:9:91:14 | CallExpression | t11.3-true |
| tst1.js:98:9:98:14 | CallExpression | t12.3-false |
| tst1.js:100:9:100:14 | CallExpression | t12.2-true |
| tst1.js:100:9:100:14 | CallExpression | t12.3-true |
| tst1.js:107:9:107:14 | CallExpression | t13.3-true |
| tst1.js:107:9:107:14 | CallExpression | t13.4-true |
| tst1.js:109:9:109:14 | CallExpression | t13.2-false |
| tst1.js:109:9:109:14 | CallExpression | t13.3 |
| tst1.js:109:9:109:14 | CallExpression | t13.4-false |
| tst1.js:116:9:116:14 | CallExpression | t14.2-true |
| tst1.js:116:9:116:14 | CallExpression | t14.3 |
| tst1.js:116:9:116:14 | CallExpression | t14.4-true |
| tst1.js:118:9:118:14 | CallExpression | t14.3-false |
| tst1.js:118:9:118:14 | CallExpression | t14.4-false |
| tst1.js:125:9:125:14 | CallExpression | t15.2 |
| tst1.js:125:9:125:14 | CallExpression | t15.3-false |
| tst1.js:134:9:134:14 | CallExpression | t16.2-true |
| tst1.js:134:9:134:14 | CallExpression | t16.3-true |
| tst1.js:134:9:134:14 | CallExpression | t16.4-true |
| tst1.js:136:9:136:14 | CallExpression | t16.2 |
| tst1.js:136:9:136:14 | CallExpression | t16.3-false |
| tst1.js:136:9:136:14 | CallExpression | t16.4-false |
| tst1.js:143:9:143:14 | CallExpression | t17.3-true |
| tst1.js:143:9:143:14 | CallExpression | t17.5-true |
| tst1.js:145:9:145:14 | CallExpression | t17.2 |
| tst1.js:145:9:145:14 | CallExpression | t17.3 |
| tst1.js:145:9:145:14 | CallExpression | t17.4-false |
| tst1.js:145:9:145:14 | CallExpression | t17.5-false |
| tst1.js:154:9:154:14 | CallExpression | t18.2-true |
| tst1.js:161:9:161:14 | CallExpression | t19.2 |
| tst1.js:161:9:161:14 | CallExpression | t19.3-true |
| tst1.js:161:9:161:14 | CallExpression | t19.4-true |
| tst1.js:163:9:163:14 | CallExpression | t19.2-false |
| tst1.js:163:9:163:14 | CallExpression | t19.4-false |
| tst1.js:172:9:172:14 | CallExpression | t20.2-false |
| tst1.js:180:9:180:14 | CallExpression | t21.2-true |
| tst1.js:180:9:180:14 | CallExpression | t21.3-true |
| tst1.js:180:9:180:14 | CallExpression | t21.5-true |
| tst1.js:180:9:180:14 | CallExpression | t21.6 |
| tst1.js:180:9:180:14 | CallExpression | t21.7-true |
| tst1.js:182:9:182:14 | CallExpression | t21.2 |
| tst1.js:182:9:182:14 | CallExpression | t21.3 |
| tst1.js:182:9:182:14 | CallExpression | t21.4-false |
| tst1.js:182:9:182:14 | CallExpression | t21.5 |
| tst1.js:182:9:182:14 | CallExpression | t21.6-false |
| tst1.js:182:9:182:14 | CallExpression | t21.7-false |
| tst1.js:189:9:189:14 | CallExpression | t22.2-false |
| tst1.js:189:9:189:14 | CallExpression | t22.3 |
| tst1.js:189:9:189:14 | CallExpression | t22.4-false |
| tst1.js:191:9:191:14 | CallExpression | t22.3-true |
| tst1.js:191:9:191:14 | CallExpression | t22.4-true |
| tst1.js:200:9:200:14 | CallExpression | t23.2-true |
| tst1.js:200:9:200:14 | CallExpression | t23.3-true |
| tst1.js:200:9:200:14 | CallExpression | t23.4 |
| tst1.js:200:9:200:14 | CallExpression | t23.5-true |
| tst1.js:202:9:202:14 | CallExpression | t23.2 |
| tst1.js:202:9:202:14 | CallExpression | t23.3-false |
| tst1.js:202:9:202:14 | CallExpression | t23.4-false |
| tst1.js:202:9:202:14 | CallExpression | t23.5-false |
| tst1.js:209:9:209:14 | CallExpression | t25.2-true |
| tst1.js:209:9:209:14 | CallExpression | t25.3 |
| tst1.js:209:9:209:14 | CallExpression | t25.4-true |
| tst1.js:209:9:209:14 | CallExpression | t25.5-true |
| tst1.js:211:9:211:14 | CallExpression | t25.3-false |
| tst1.js:211:9:211:14 | CallExpression | t25.4 |
| tst1.js:211:9:211:14 | CallExpression | t25.5-false |
| tst1.js:218:9:218:14 | CallExpression | t27.2 |
| tst1.js:218:9:218:14 | CallExpression | t27.3-false |
| tst1.js:227:9:227:14 | CallExpression | t31.2 |
| tst1.js:227:9:227:14 | CallExpression | t31.3 |
| tst1.js:227:9:227:14 | CallExpression | t31.4-false |
| tst1.js:229:9:229:14 | CallExpression | t31.2-true |
| tst1.js:244:9:244:14 | CallExpression | t32.3-true |
| tst1.js:244:9:244:14 | CallExpression | t32.4 |
| tst1.js:244:9:244:14 | CallExpression | t32.5-true |
| tst1.js:244:9:244:14 | CallExpression | t32.6-true |
| tst1.js:246:9:246:14 | CallExpression | t32.2-false |
| tst1.js:246:9:246:14 | CallExpression | t32.3 |
| tst1.js:246:9:246:14 | CallExpression | t32.4-false |
| tst1.js:246:9:246:14 | CallExpression | t32.5 |
| tst1.js:246:9:246:14 | CallExpression | t32.6-false |
tagIsNotUnique
