| query-tests/Security/CWE-079/DomBasedXss/tst.js:191 | expected an alert, but found none | NOT OK |  |
| query-tests/Security/CWE-079/DomBasedXss/tst.js:465 | expected an alert, but found none | NOT OK |  |
| query-tests/Security/CWE-079/DomBasedXss/tst.js:467 | expected an alert, but found none | NOT OK |  |
