| query-tests/Security/CWE-079/DomBasedXss/addEventListener.js:2 | expected an alert, but found none | NOT OK |  |
| query-tests/Security/CWE-079/DomBasedXss/addEventListener.js:6 | expected an alert, but found none | NOT OK |  |
| query-tests/Security/CWE-079/DomBasedXss/addEventListener.js:12 | expected an alert, but found none | NOT OK |  |
| query-tests/Security/CWE-079/DomBasedXss/classnames.js:7 | expected an alert, but found none | NOT OK |  |
| query-tests/Security/CWE-079/DomBasedXss/classnames.js:8 | expected an alert, but found none | NOT OK |  |
| query-tests/Security/CWE-079/DomBasedXss/classnames.js:9 | expected an alert, but found none | NOT OK |  |
| query-tests/Security/CWE-079/DomBasedXss/classnames.js:11 | expected an alert, but found none | NOT OK |  |
| query-tests/Security/CWE-079/DomBasedXss/classnames.js:13 | expected an alert, but found none | NOT OK |  |
| query-tests/Security/CWE-079/DomBasedXss/classnames.js:15 | expected an alert, but found none | NOT OK |  |
| query-tests/Security/CWE-079/DomBasedXss/classnames.js:17 | expected an alert, but found none | NOT OK |  |
| query-tests/Security/CWE-079/DomBasedXss/clipboard.ts:15 | expected an alert, but found none | NOT OK |  |
| query-tests/Security/CWE-079/DomBasedXss/clipboard.ts:24 | expected an alert, but found none | NOT OK |  |
| query-tests/Security/CWE-079/DomBasedXss/clipboard.ts:29 | expected an alert, but found none | NOT OK |  |
| query-tests/Security/CWE-079/DomBasedXss/clipboard.ts:50 | expected an alert, but found none | NOT OK |  |
| query-tests/Security/CWE-079/DomBasedXss/dates.js:11 | expected an alert, but found none | NOT OK |  |
| query-tests/Security/CWE-079/DomBasedXss/dates.js:12 | expected an alert, but found none | NOT OK |  |
| query-tests/Security/CWE-079/DomBasedXss/dates.js:13 | expected an alert, but found none | NOT OK |  |
| query-tests/Security/CWE-079/DomBasedXss/dates.js:16 | expected an alert, but found none | NOT OK |  |
| query-tests/Security/CWE-079/DomBasedXss/dates.js:18 | expected an alert, but found none | NOT OK |  |
| query-tests/Security/CWE-079/DomBasedXss/dates.js:21 | expected an alert, but found none | NOT OK |  |
| query-tests/Security/CWE-079/DomBasedXss/dates.js:37 | expected an alert, but found none | NOT OK |  |
| query-tests/Security/CWE-079/DomBasedXss/dates.js:38 | expected an alert, but found none | NOT OK |  |
| query-tests/Security/CWE-079/DomBasedXss/dates.js:39 | expected an alert, but found none | NOT OK |  |
| query-tests/Security/CWE-079/DomBasedXss/dates.js:40 | expected an alert, but found none | NOT OK |  |
| query-tests/Security/CWE-079/DomBasedXss/dates.js:48 | expected an alert, but found none | NOT OK |  |
| query-tests/Security/CWE-079/DomBasedXss/dates.js:49 | expected an alert, but found none | NOT OK |  |
| query-tests/Security/CWE-079/DomBasedXss/dates.js:50 | expected an alert, but found none | NOT OK |  |
| query-tests/Security/CWE-079/DomBasedXss/dates.js:57 | expected an alert, but found none | NOT OK |  |
| query-tests/Security/CWE-079/DomBasedXss/dates.js:59 | expected an alert, but found none | NOT OK |  |
| query-tests/Security/CWE-079/DomBasedXss/dates.js:61 | expected an alert, but found none | NOT OK |  |
| query-tests/Security/CWE-079/DomBasedXss/dragAndDrop.ts:15 | expected an alert, but found none | NOT OK |  |
| query-tests/Security/CWE-079/DomBasedXss/dragAndDrop.ts:24 | expected an alert, but found none | NOT OK |  |
| query-tests/Security/CWE-079/DomBasedXss/dragAndDrop.ts:29 | expected an alert, but found none | NOT OK |  |
| query-tests/Security/CWE-079/DomBasedXss/dragAndDrop.ts:50 | expected an alert, but found none | NOT OK |  |
| query-tests/Security/CWE-079/DomBasedXss/event-handler-receiver.js:2 | expected an alert, but found none | NOT OK |  |
| query-tests/Security/CWE-079/DomBasedXss/jquery.js:14 | expected an alert, but found none | NOT OK |  |
| query-tests/Security/CWE-079/DomBasedXss/jquery.js:15 | expected an alert, but found none | NOT OK |  |
| query-tests/Security/CWE-079/DomBasedXss/jquery.js:16 | expected an alert, but found none | NOT OK |  |
| query-tests/Security/CWE-079/DomBasedXss/react-use-context.js:10 | expected an alert, but found none | NOT OK |  |
| query-tests/Security/CWE-079/DomBasedXss/react-use-context.js:16 | expected an alert, but found none | NOT OK |  |
| query-tests/Security/CWE-079/DomBasedXss/react-use-state.js:23 | expected an alert, but found none | NOT OK |  |
| query-tests/Security/CWE-079/DomBasedXss/sanitiser.js:23 | expected an alert, but found none | NOT OK |  |
| query-tests/Security/CWE-079/DomBasedXss/sanitiser.js:30 | expected an alert, but found none | NOT OK |  |
| query-tests/Security/CWE-079/DomBasedXss/sanitiser.js:33 | expected an alert, but found none | NOT OK |  |
| query-tests/Security/CWE-079/DomBasedXss/sanitiser.js:38 | expected an alert, but found none | NOT OK |  |
| query-tests/Security/CWE-079/DomBasedXss/sanitiser.js:45 | expected an alert, but found none | NOT OK |  |
| query-tests/Security/CWE-079/DomBasedXss/sanitiser.js:48 | expected an alert, but found none | NOT OK |  |
| query-tests/Security/CWE-079/DomBasedXss/string-manipulations.js:3 | expected an alert, but found none | NOT OK |  |
| query-tests/Security/CWE-079/DomBasedXss/string-manipulations.js:4 | expected an alert, but found none | NOT OK |  |
| query-tests/Security/CWE-079/DomBasedXss/string-manipulations.js:5 | expected an alert, but found none | NOT OK |  |
| query-tests/Security/CWE-079/DomBasedXss/string-manipulations.js:6 | expected an alert, but found none | NOT OK |  |
| query-tests/Security/CWE-079/DomBasedXss/string-manipulations.js:7 | expected an alert, but found none | NOT OK |  |
| query-tests/Security/CWE-079/DomBasedXss/string-manipulations.js:8 | expected an alert, but found none | NOT OK |  |
| query-tests/Security/CWE-079/DomBasedXss/string-manipulations.js:9 | expected an alert, but found none | NOT OK |  |
| query-tests/Security/CWE-079/DomBasedXss/string-manipulations.js:10 | expected an alert, but found none | NOT OK |  |
| query-tests/Security/CWE-079/DomBasedXss/tst3.js:4 | expected an alert, but found none | NOT OK |  |
| query-tests/Security/CWE-079/DomBasedXss/tst3.js:5 | expected an alert, but found none | NOT OK |  |
| query-tests/Security/CWE-079/DomBasedXss/tst3.js:7 | expected an alert, but found none | NOT OK |  |
| query-tests/Security/CWE-079/DomBasedXss/tst3.js:9 | expected an alert, but found none | NOT OK |  |
| query-tests/Security/CWE-079/DomBasedXss/tst3.js:10 | expected an alert, but found none | NOT OK |  |
| query-tests/Security/CWE-079/DomBasedXss/tst.js:7 | expected an alert, but found none | NOT OK |  |
| query-tests/Security/CWE-079/DomBasedXss/tst.js:109 | expected an alert, but found none | NOT OK |  |
| query-tests/Security/CWE-079/DomBasedXss/tst.js:135 | expected an alert, but found none | NOT OK |  |
| query-tests/Security/CWE-079/DomBasedXss/tst.js:186 | expected an alert, but found none | NOT OK |  |
| query-tests/Security/CWE-079/DomBasedXss/tst.js:188 | expected an alert, but found none | NOT OK |  |
| query-tests/Security/CWE-079/DomBasedXss/tst.js:189 | expected an alert, but found none | NOT OK |  |
| query-tests/Security/CWE-079/DomBasedXss/tst.js:191 | expected an alert, but found none | NOT OK |  |
| query-tests/Security/CWE-079/DomBasedXss/tst.js:192 | expected an alert, but found none | NOT OK |  |
| query-tests/Security/CWE-079/DomBasedXss/tst.js:193 | expected an alert, but found none | NOT OK |  |
| query-tests/Security/CWE-079/DomBasedXss/tst.js:288 | expected an alert, but found none | NOT OK |  |
| query-tests/Security/CWE-079/DomBasedXss/tst.js:360 | expected an alert, but found none | NOT OK. (this is a DOM-node); |  |
| query-tests/Security/CWE-079/DomBasedXss/tst.js:363 | expected an alert, but found none | NOT OK. |  |
| query-tests/Security/CWE-079/DomBasedXss/tst.js:417 | expected an alert, but found none | NOT OK |  |
| query-tests/Security/CWE-079/DomBasedXss/tst.js:421 | expected an alert, but found none | NOT OK |  |
| query-tests/Security/CWE-079/DomBasedXss/tst.js:424 | expected an alert, but found none | NOT OK |  |
| query-tests/Security/CWE-079/DomBasedXss/tst.js:463 | expected an alert, but found none | NOT OK |  |
| query-tests/Security/CWE-079/DomBasedXss/tst.js:465 | expected an alert, but found none | NOT OK |  |
| query-tests/Security/CWE-079/DomBasedXss/tst.js:467 | expected an alert, but found none | NOT OK |  |
| query-tests/Security/CWE-079/DomBasedXss/tst.js:501 | expected an alert, but found none | NOT OK |  |
