#select
| sourceSink.js:3:31:3:36 | [value] source | sourceSink.js:2:20:2:49 | [out] require ... ource() : any | sourceSink.js:3:31:3:36 | [value] source | Flow here |
| sourceSink.js:8:49:8:58 | [value] sourceProp | sourceSink.js:7:13:7:22 | [incoming] sourceProp : any | sourceSink.js:8:49:8:58 | [value] sourceProp | Flow here |
| sourceSink.js:13:35:13:35 | [value] x | sourceSink.js:12:44:12:44 | [incoming] x : any | sourceSink.js:13:35:13:35 | [value] x | Flow here |
| sourceSink.js:20:24:20:29 | [value] source | sourceSink.js:19:20:19:42 | [out] wrapper ... ource() : any | sourceSink.js:20:24:20:29 | [value] source | Flow here |
| sourceSink.js:29:20:29:25 | [value] source | sourceSink.js:28:24:28:38 | [out] lib.getSource() : any | sourceSink.js:29:20:29:25 | [value] source | Flow here |
| sourceSink.js:33:28:33:33 | [value] source | sourceSink.js:32:24:32:46 | [out] wrapper ... ource() : any | sourceSink.js:33:28:33:33 | [value] source | Flow here |
| sourceSink.js:42:28:42:33 | [value] source | sourceSink.js:41:24:41:36 | [value] x.fuzzySource : any | sourceSink.js:42:28:42:33 | [value] source | Flow here |
edges
| sourceSink.js:2:11:2:16 | [incoming] source : any | sourceSink.js:3:31:3:36 | [value] source | provenance |  |
| sourceSink.js:2:20:2:49 | [out] require ... ource() : any | sourceSink.js:2:20:2:49 | [value] require ... ource() : any | provenance |  |
| sourceSink.js:2:20:2:49 | [value] require ... ource() : any | sourceSink.js:2:11:2:16 | [incoming] source : any | provenance |  |
| sourceSink.js:7:13:7:22 | [incoming] sourceProp : any | sourceSink.js:8:49:8:58 | [value] sourceProp | provenance |  |
| sourceSink.js:12:44:12:44 | [incoming] x : any | sourceSink.js:13:35:13:35 | [value] x | provenance |  |
| sourceSink.js:19:11:19:16 | [incoming] source : any | sourceSink.js:20:24:20:29 | [value] source | provenance |  |
| sourceSink.js:19:20:19:42 | [out] wrapper ... ource() : any | sourceSink.js:19:20:19:42 | [value] wrapper ... ource() : any | provenance |  |
| sourceSink.js:19:20:19:42 | [value] wrapper ... ource() : any | sourceSink.js:19:11:19:16 | [incoming] source : any | provenance |  |
| sourceSink.js:28:15:28:20 | [incoming] source : any | sourceSink.js:29:20:29:25 | [value] source | provenance |  |
| sourceSink.js:28:24:28:38 | [out] lib.getSource() : any | sourceSink.js:28:24:28:38 | [value] lib.getSource() : any | provenance |  |
| sourceSink.js:28:24:28:38 | [value] lib.getSource() : any | sourceSink.js:28:15:28:20 | [incoming] source : any | provenance |  |
| sourceSink.js:32:15:32:20 | [incoming] source : any | sourceSink.js:33:28:33:33 | [value] source | provenance |  |
| sourceSink.js:32:24:32:46 | [out] wrapper ... ource() : any | sourceSink.js:32:24:32:46 | [value] wrapper ... ource() : any | provenance |  |
| sourceSink.js:32:24:32:46 | [value] wrapper ... ource() : any | sourceSink.js:32:15:32:20 | [incoming] source : any | provenance |  |
| sourceSink.js:41:15:41:20 | [incoming] source : any | sourceSink.js:42:28:42:33 | [value] source | provenance |  |
| sourceSink.js:41:24:41:36 | [value] x.fuzzySource : any | sourceSink.js:41:15:41:20 | [incoming] source : any | provenance |  |
nodes
| sourceSink.js:2:11:2:16 | [incoming] source : any | semmle.label | [incoming] source : any |
| sourceSink.js:2:20:2:49 | [out] require ... ource() : any | semmle.label | [out] require ... ource() : any |
| sourceSink.js:2:20:2:49 | [value] require ... ource() : any | semmle.label | [value] require ... ource() : any |
| sourceSink.js:3:31:3:36 | [value] source | semmle.label | [value] source |
| sourceSink.js:7:13:7:22 | [incoming] sourceProp : any | semmle.label | [incoming] sourceProp : any |
| sourceSink.js:8:49:8:58 | [value] sourceProp | semmle.label | [value] sourceProp |
| sourceSink.js:12:44:12:44 | [incoming] x : any | semmle.label | [incoming] x : any |
| sourceSink.js:13:35:13:35 | [value] x | semmle.label | [value] x |
| sourceSink.js:19:11:19:16 | [incoming] source : any | semmle.label | [incoming] source : any |
| sourceSink.js:19:20:19:42 | [out] wrapper ... ource() : any | semmle.label | [out] wrapper ... ource() : any |
| sourceSink.js:19:20:19:42 | [value] wrapper ... ource() : any | semmle.label | [value] wrapper ... ource() : any |
| sourceSink.js:20:24:20:29 | [value] source | semmle.label | [value] source |
| sourceSink.js:28:15:28:20 | [incoming] source : any | semmle.label | [incoming] source : any |
| sourceSink.js:28:24:28:38 | [out] lib.getSource() : any | semmle.label | [out] lib.getSource() : any |
| sourceSink.js:28:24:28:38 | [value] lib.getSource() : any | semmle.label | [value] lib.getSource() : any |
| sourceSink.js:29:20:29:25 | [value] source | semmle.label | [value] source |
| sourceSink.js:32:15:32:20 | [incoming] source : any | semmle.label | [incoming] source : any |
| sourceSink.js:32:24:32:46 | [out] wrapper ... ource() : any | semmle.label | [out] wrapper ... ource() : any |
| sourceSink.js:32:24:32:46 | [value] wrapper ... ource() : any | semmle.label | [value] wrapper ... ource() : any |
| sourceSink.js:33:28:33:33 | [value] source | semmle.label | [value] source |
| sourceSink.js:41:15:41:20 | [incoming] source : any | semmle.label | [incoming] source : any |
| sourceSink.js:41:24:41:36 | [value] x.fuzzySource : any | semmle.label | [value] x.fuzzySource : any |
| sourceSink.js:42:28:42:33 | [value] source | semmle.label | [value] source |
subpaths
