testFailures
| simple.js:8:14:8:35 | // $ hasValueFlow=t2.1 | Missing result: hasValueFlow=t2.1 |
| simple.js:9:14:9:35 | // $ hasValueFlow=t2.1 | Missing result: hasValueFlow=t2.1 |
| simple.js:15:21:15:42 | // $ hasValueFlow=t3.1 | Missing result: hasValueFlow=t3.1 |
| simple.js:16:21:16:42 | // $ hasValueFlow=t3.2 | Missing result: hasValueFlow=t3.2 |
| simple.js:19:21:19:60 | // $ hasValueFlow=t3.1 hasValueFlow=t3.2 | Missing result: hasValueFlow=t3.1 |
| simple.js:19:21:19:60 | // $ hasValueFlow=t3.1 hasValueFlow=t3.2 | Missing result: hasValueFlow=t3.2 |
foo
| 1 |
