| library-tests/Generators/generators.js:37 | did not expect an alert, but found an alert for GeneratorFlowConfig | OK - exception is only thrown upon iteration |  |
| library-tests/Generators/generators.js:46 | expected an alert, but found none | NOT OK |  |
| library-tests/Generators/generators.js:51 | expected an alert, but found none | NOT OK |  |
