consistencyIssue
taintFlow
| test.js:5:30:5:37 | source() | test.js:5:8:5:38 | testlib ... urce()) |
| test.js:6:22:6:29 | source() | test.js:6:8:6:30 | preserv ... urce()) |
| test.js:7:41:7:48 | source() | test.js:7:8:7:49 | require ... urce()) |
| test.js:13:29:13:36 | source() | test.js:14:10:14:10 | y |
| test.js:19:29:19:36 | source() | test.js:20:10:20:10 | y |
| test.js:28:38:28:45 | source() | test.js:28:8:28:55 | testlib ... , 1, 1) |
| test.js:30:44:30:51 | source() | test.js:30:8:30:55 | testlib ... e(), 1) |
| test.js:36:47:36:54 | source() | test.js:36:8:36:61 | testlib ... , 1, 1) |
| test.js:37:50:37:57 | source() | test.js:37:8:37:61 | testlib ... e(), 1) |
| test.js:38:53:38:60 | source() | test.js:38:8:38:61 | testlib ... urce()) |
| test.js:42:18:42:25 | source() | test.js:42:18:42:25 | source() |
| test.js:43:22:43:29 | source() | test.js:43:22:43:29 | source() |
| test.js:45:24:45:31 | source() | test.js:45:24:45:31 | source() |
| test.js:49:27:49:34 | source() | test.js:49:27:49:34 | source() |
| test.js:54:31:54:38 | source() | test.js:54:31:54:38 | source() |
| test.js:58:34:58:41 | source() | test.js:58:34:58:41 | source() |
| test.js:63:31:63:38 | source() | test.js:63:31:63:38 | source() |
| test.js:64:34:64:41 | source() | test.js:64:34:64:41 | source() |
| test.js:66:28:66:35 | source() | test.js:66:28:66:35 | source() |
| test.js:67:31:67:38 | source() | test.js:67:31:67:38 | source() |
| test.js:68:34:68:41 | source() | test.js:68:34:68:41 | source() |
isSink
| test.js:42:18:42:25 | source() | test-sink |
| test.js:43:22:43:29 | source() | test-sink |
| test.js:45:24:45:31 | source() | test-sink |
| test.js:49:27:49:34 | source() | test-sink |
| test.js:51:38:51:38 | 4 | test-sink |
| test.js:52:38:52:38 | 4 | test-sink |
| test.js:53:38:53:38 | 4 | test-sink |
| test.js:54:31:54:38 | source() | test-sink |
| test.js:56:41:56:41 | 3 | test-sink |
| test.js:57:41:57:41 | 3 | test-sink |
| test.js:58:34:58:41 | source() | test-sink |
| test.js:59:34:59:34 | 3 | test-sink |
| test.js:61:38:61:38 | 3 | test-sink |
| test.js:61:41:61:41 | 4 | test-sink |
| test.js:62:38:62:38 | 3 | test-sink |
| test.js:62:41:62:41 | 4 | test-sink |
| test.js:63:31:63:38 | source() | test-sink |
| test.js:63:41:63:41 | 4 | test-sink |
| test.js:64:31:64:31 | 3 | test-sink |
| test.js:64:34:64:41 | source() | test-sink |
| test.js:66:28:66:35 | source() | test-sink |
| test.js:66:38:66:38 | 2 | test-sink |
| test.js:66:41:66:41 | 3 | test-sink |
| test.js:67:28:67:28 | 1 | test-sink |
| test.js:67:31:67:38 | source() | test-sink |
| test.js:67:41:67:41 | 3 | test-sink |
| test.js:68:28:68:28 | 1 | test-sink |
| test.js:68:31:68:31 | 2 | test-sink |
| test.js:68:34:68:41 | source() | test-sink |
| test.js:69:28:69:28 | 1 | test-sink |
| test.js:69:31:69:31 | 2 | test-sink |
| test.js:69:34:69:34 | 3 | test-sink |
