uniqueToString
uniqueEnclosingCallable
uniqueDominator
localDominator
localSuccessor
uniqueDefiningScope
variableIsCaptured
uniqueLocation
uniqueCfgNode
| tst.js:1:13:1:13 | t | Expr has no cfg node |
uniqueWriteTarget
| VariableWrite has no target variable |
uniqueWriteSource
| VariableWrite has no source expression |
uniqueWriteCfgNode
| VariableWrite has no cfg node |
localWriteStep
uniqueReadVariable
closureMustHaveBody
closureAliasMustBeLocal
variableAccessAstNesting
uniqueCallableLocation
consistencyOverview
| Expr has no cfg node | 1 |
| VariableWrite has no cfg node | 2 |
| VariableWrite has no source expression | 2 |
| VariableWrite has no target variable | 48 |
