uniqueEnclosingCallable
uniqueCallEnclosingCallable
uniqueType
uniqueNodeLocation
missingLocation
uniqueNodeToString
| file://:0:0:0:0 | (no string representation) | Node should have one toString but has 0. |
| file://:0:0:0:0 | (no string representation) | Node should have one toString but has 0. |
| file://:0:0:0:0 | (no string representation) | Node should have one toString but has 0. |
| file://:0:0:0:0 | (no string representation) | Node should have one toString but has 0. |
missingToString
| Nodes without toString: 4 |
parameterCallable
localFlowIsLocal
readStepIsLocal
| tst.js:216:3:216:8 | array2 | tst.js:216:18:216:18 | x | Read step does not preserve enclosing callable. |
storeStepIsLocal
compatibleTypesReflexive
unreachableNodeCCtx
localCallNodes
postIsNotPre
postHasUniquePre
uniquePostUpdate
postIsInSameCallable
reverseRead
| tst.js:109:11:113:3 | 'arguments' object of anonymous function | Origin of readStep is missing a PostUpdateNode. |
argHasPostUpdate
postWithInFlow
| tst.js:97:24:97:74 | new Pro ... rce())) | PostUpdateNode should not be the target of local flow. |
| tst.js:100:3:100:53 | new Pro ... rce())) | PostUpdateNode should not be the target of local flow. |
| tst.js:101:3:101:53 | new Pro ... rce())) | PostUpdateNode should not be the target of local flow. |
| tst.js:102:3:102:52 | new Pro ... rce())) | PostUpdateNode should not be the target of local flow. |
| tst.js:103:3:103:52 | new Pro ... rce())) | PostUpdateNode should not be the target of local flow. |
viableImplInCallContextTooLarge
uniqueParameterNodeAtPosition
uniqueParameterNodePosition
uniqueContentApprox
